// Jest Snapshot v1, https://goo.gl/fbAQLP

exports[`HorizontalSwitch renders properly 1`] = `
<label
  className="sc-bdVaJa cPwplN"
>
  <input
    type="checkbox"
  />
  <span />
</label>
`;
