// Jest Snapshot v1, https://goo.gl/fbAQLP

exports[`HorizontalSwitch renders properly 1`] = `
<div>
  Hello World!
</div>
`;
